// Jest Snapshot v1, https://goo.gl/fbAQLP

exports[`Rover behaviour Can run large complex case 1`] = `
"52 53 N
30 42 W
20 21 E
19 9 W
84 24 N
27 22 S"
`;

exports[`Rover behaviour Can run test case 1`] = `
"1 3 N
5 1 E"
`;

exports[`Rover behaviour One failing doesnt stop the whole fleet 1`] = `
"1 3 W
1 3 N
1 3 N
1 2 N
1 2 N
5 1 E
2 4 N"
`;

exports[`Rover behaviour Rover stops before it goes off the plateau 1`] = `
"1 3 N
3 2 E
3 3 E
0 1 W"
`;
